// Vitest Snapshot v1, https://vitest.dev/guide/snapshot.html

exports[`Success Notification > createSuccessNotification > should create valid snapshot of notification HTML 1`] = `"<div id="wingman-success-notification"><button>âœ•</button><div style="display: flex; align-items: center; gap: 10px; margin-bottom: 16px;"><div style="font-size: 24px;">âœ…</div><div style="font-size: 16px; font-weight: 600; color: rgb(30, 41, 59);">Feedback submitted successfully!</div></div><div style="background: rgb(248, 250, 252); border: 1px solid rgb(226, 232, 240); border-radius: 8px; padding: 12px; margin-bottom: 12px;"><div style="font-size: 12px; color: rgb(100, 116, 139); margin-bottom: 6px; font-weight: 500;">Preview URL:</div><div style="display: flex; gap: 8px; align-items: center;"><input readonly="" style="flex: 1 1 0%; padding: 8px; border: 1px solid rgb(226, 232, 240); border-radius: 6px; font-size: 12px; font-family: &quot;SF Mono&quot;, Monaco, &quot;Cascadia Code&quot;, monospace; background: white; color: rgb(30, 41, 59);"><button title="Copy URL">ðŸ“‹</button></div></div><div style="display: flex; gap: 8px;"><button>Open Preview</button><button>Copy for Claude Code</button></div></div>"`;
